// Jest Snapshot v1, https://goo.gl/fbAQLP

exports[`Test Avatar view renders correctly 1`] = `
<div
  className="table-body-players-card-body"
>
  <div
    className="table-body-players-card-body-avatar"
  >
    <div>
      <div
        className="table-body-players-card-body-avatar-background"
        style={
          Object {
            "backgroundImage": "url(http://localhost:3001/testAvatareSrc)",
          }
        }
      />
    </div>
  </div>
  <div
    className="table-body-players-card-body-nick"
  >
    <div
      className="_nick"
    >
      <div>
        Ivan
      </div>
    </div>
    <div
      className="_muted"
      style={
        Object {
          "display": "none",
        }
      }
    />
    <div
      className="_ignore"
      style={
        Object {
          "display": "none",
        }
      }
    />
  </div>
  <div
    className="table-body-players-card-body-money"
  >
    1
  </div>
  <div
    className="table-body-players-card-body-timer"
    style={
      Object {
        "display": "block",
      }
    }
  >
    <svg
      preserveAspectRatio="none"
      viewBox="0 0 100 100"
      xmlns="http://www.w3.org/2000/svg"
    >
      <circle
        cx="50"
        cy="50"
        r="46"
        transform="rotate(-90 50 50)"
      />
    </svg>
    <div>
      2
    </div>
  </div>
</div>
`;
