// Jest Snapshot v1, https://goo.gl/fbAQLP

exports[`Test action panel renders correctly 1`] = `
<div
  className="_action"
  onClick={[Function]}
>
  test
</div>
`;

exports[`Test action panel should pass a selected value to the onChange handler 1`] = `ShallowWrapper {}`;

exports[`Test action panel should render an action panel 1`] = `ShallowWrapper {}`;
