// Jest Snapshot v1, https://goo.gl/fbAQLP

exports[`A suite renders correctly 1`] = `
<div
  className="_action"
  onClick={[Function]}
>
  test
</div>
`;

exports[`A suite should pass a selected value to the onChange handler 1`] = `ShallowWrapper {}`;

exports[`A suite should render an action panel 1`] = `ShallowWrapper {}`;
